[INFO] Scanning for projects...
[INFO] 
[INFO] ------------------------< org.example:Capstone >------------------------
[INFO] Building Capstone 0.0.1-SNAPSHOT
[INFO]   from pom.xml
[INFO] --------------------------------[ jar ]---------------------------------
[INFO] 
[INFO] >>> spring-boot:4.1.1:run (default-cli) > test-compile @ Capstone >>>
[INFO] 
[INFO] --- resources:3.5.0:resources (default-resources) @ Capstone ---
[INFO] Copying 1 resource from src\main\resources to target\classes
[INFO] Copying 7 resources from src\main\resources to target\classes
[INFO] 
[INFO] --- compiler:3.15.0:compile (default-compile) @ Capstone ---
[INFO] Nothing to compile - all classes are up to date.
[INFO] 
[INFO] --- resources:3.5.0:testResources (default-testResources) @ Capstone ---
[INFO] Copying 2 resources from src\test\resources to target\test-classes
[INFO] 
[INFO] --- compiler:3.15.0:testCompile (default-testCompile) @ Capstone ---
[INFO] Nothing to compile - all classes are up to date.
[INFO] 
[INFO] <<< spring-boot:4.1.1:run (default-cli) < test-compile @ Capstone <<<
[INFO] 
[INFO] 
[INFO] --- spring-boot:4.1.1:run (default-cli) @ Capstone ---
[INFO] Attaching agents: []

  .   ____          _            __ _ _
 /\\ / ___'_ __ _ _(_)_ __  __ _ \ \ \ \
( ( )\___ | '_ | '_| | '_ \/ _` | \ \ \ \
 \\/  ___)| |_)| | | | | || (_| |  ) ) ) )
  '  |____| .__|_| |_|_| |_\__, | / / / /
 =========|_|==============|___/=/_/_/_/

 :: Spring Boot ::                (v4.1.1)

2026-10-10T03:46:15.554+02:00  INFO 13840 --- [ScoutAI] [           main] o.example.capstone.CapstoneApplication   : Starting CapstoneApplication using Java 25.0.4.1 with PID 13840 (C:\Users\nunzi\OneDrive\Desktop\Corso Epicode\Capstone\backend\target\classes started by nunzi in C:\Users\nunzi\OneDrive\Desktop\Corso Epicode\Capstone\backend)
2026-10-10T03:46:15.557+02:00  INFO 13840 --- [ScoutAI] [           main] o.example.capstone.CapstoneApplication   : No active profile set, falling back to 1 default profile: "default"
2026-10-10T03:46:16.212+02:00  INFO 13840 --- [ScoutAI] [           main] .s.d.r.c.RepositoryConfigurationDelegate : Bootstrapping Spring Data JPA repositories in DEFAULT mode.
2026-10-10T03:46:16.273+02:00  INFO 13840 --- [ScoutAI] [           main] .s.d.r.c.RepositoryConfigurationDelegate : Finished Spring Data repository scanning in 52 ms. Found 9 JPA repository interfaces.
2026-10-10T03:46:16.660+02:00  INFO 13840 --- [ScoutAI] [           main] o.s.boot.tomcat.TomcatWebServer          : Tomcat initialized with port 8080 (http)
2026-10-10T03:46:16.674+02:00  INFO 13840 --- [ScoutAI] [           main] o.apache.catalina.core.StandardService   : Starting service [Tomcat]
2026-10-10T03:46:16.674+02:00  INFO 13840 --- [ScoutAI] [           main] o.apache.catalina.core.StandardEngine    : Starting Servlet engine: [Apache Tomcat/11.0.24]
2026-10-10T03:46:16.855+02:00  INFO 13840 --- [ScoutAI] [           main] b.w.c.s.WebApplicationContextInitializer : Root WebApplicationContext: initialization completed in 1249 ms
2026-10-10T03:46:17.046+02:00  INFO 13840 --- [ScoutAI] [           main] com.zaxxer.hikari.HikariDataSource       : HikariPool-1 - Starting...
2026-10-10T03:46:17.263+02:00  INFO 13840 --- [ScoutAI] [           main] com.zaxxer.hikari.pool.HikariPool        : HikariPool-1 - Added connection org.postgresql.jdbc.PgConnection@541afb85
2026-10-10T03:46:17.265+02:00  INFO 13840 --- [ScoutAI] [           main] com.zaxxer.hikari.HikariDataSource       : HikariPool-1 - Start completed.
2026-10-10T03:46:17.283+02:00  INFO 13840 --- [ScoutAI] [           main] org.flywaydb.core.FlywayExecutor         : Database: jdbc:postgresql://localhost:5432/scoutai (PostgreSQL 18.6)
2026-10-10T03:46:17.353+02:00  INFO 13840 --- [ScoutAI] [           main] o.f.core.internal.command.DbValidate     : Successfully validated 7 migrations (execution time 00:00.027s)
2026-10-10T03:46:17.419+02:00  INFO 13840 --- [ScoutAI] [           main] o.f.core.internal.command.DbMigrate      : Current version of schema "public": 7
2026-10-10T03:46:17.423+02:00  INFO 13840 --- [ScoutAI] [           main] o.f.core.internal.command.DbMigrate      : Schema "public" is up to date. No migration necessary.
2026-10-10T03:46:17.499+02:00  INFO 13840 --- [ScoutAI] [           main] org.hibernate.orm.jpa                    : HHH008540: Processing PersistenceUnitInfo [name: default]
2026-10-10T03:46:17.554+02:00  INFO 13840 --- [ScoutAI] [           main] org.hibernate.orm.core                   : HHH000001: Hibernate ORM core version 7.4.5.Final
2026-10-10T03:46:17.885+02:00  INFO 13840 --- [ScoutAI] [           main] o.s.o.j.p.SpringPersistenceUnitInfo      : No LoadTimeWeaver setup: ignoring JPA class transformer
2026-10-10T03:46:17.970+02:00  INFO 13840 --- [ScoutAI] [           main] org.hibernate.orm.connections.pooling    : HHH10001005: Database info:
	Database JDBC URL [jdbc:postgresql://localhost:5432/scoutai]
	Database driver: PostgreSQL JDBC Driver
	Database dialect: PostgreSQLDialect
	Database version: 18.6
	Default catalog/schema: scoutai/public
	Autocommit mode: undefined/unknown
	Isolation level: READ_COMMITTED [default READ_COMMITTED]
	JDBC fetch size: none
	Pool: DataSourceConnectionProvider
	Minimum pool size: undefined/unknown
	Maximum pool size: undefined/unknown
2026-10-10T03:46:18.835+02:00  INFO 13840 --- [ScoutAI] [           main] org.hibernate.orm.core                   : HHH000489: No JTA platform available (set 'hibernate.transaction.jta.platform' to enable JTA platform integration)
2026-10-10T03:46:18.898+02:00  INFO 13840 --- [ScoutAI] [           main] j.LocalContainerEntityManagerFactoryBean : Initialized JPA EntityManagerFactory for persistence unit 'default'
2026-10-10T03:46:19.124+02:00  INFO 13840 --- [ScoutAI] [           main] o.s.d.j.r.query.QueryEnhancerFactories   : Hibernate is in classpath; If applicable, HQL parser will be used.
2026-10-10T03:46:20.166+02:00  INFO 13840 --- [ScoutAI] [           main] o.s.boot.tomcat.TomcatWebServer          : Tomcat started on port 8080 (http) with context path '/'
2026-10-10T03:46:20.172+02:00  INFO 13840 --- [ScoutAI] [           main] o.example.capstone.CapstoneApplication   : Started CapstoneApplication in 5.032 seconds (process running for 5.369)
2026-10-10T03:46:20.936+02:00  INFO 13840 --- [ScoutAI] [     import-run] o.e.capstone.ingestion.ImportService     : Importato Premier League 2024 squadra 40 pagina 3/3
2026-10-10T03:46:27.538+02:00  INFO 13840 --- [ScoutAI] [     import-run] o.e.capstone.ingestion.ImportService     : Importato Premier League 2024 squadra 41 pagina 1/3
2026-10-10T03:46:34.544+02:00  INFO 13840 --- [ScoutAI] [     import-run] o.e.capstone.ingestion.ImportService     : Importato Premier League 2024 squadra 41 pagina 2/3
2026-10-10T03:46:41.533+02:00  INFO 13840 --- [ScoutAI] [     import-run] o.e.capstone.ingestion.ImportService     : Importato Premier League 2024 squadra 41 pagina 3/3
2026-10-10T03:46:48.516+02:00  INFO 13840 --- [ScoutAI] [     import-run] o.e.capstone.ingestion.ImportService     : Importato Premier League 2024 squadra 42 pagina 1/3
2026-10-10T03:46:55.615+02:00  INFO 13840 --- [ScoutAI] [     import-run] o.e.capstone.ingestion.ImportService     : Importato Premier League 2024 squadra 42 pagina 2/3
2026-10-10T03:47:02.560+02:00  INFO 13840 --- [ScoutAI] [     import-run] o.e.capstone.ingestion.ImportService     : Importato Premier League 2024 squadra 42 pagina 3/3
2026-10-10T03:47:09.621+02:00  INFO 13840 --- [ScoutAI] [     import-run] o.e.capstone.ingestion.ImportService     : Importato Premier League 2024 squadra 45 pagina 1/3
2026-10-10T03:47:16.636+02:00  INFO 13840 --- [ScoutAI] [     import-run] o.e.capstone.ingestion.ImportService     : Importato Premier League 2024 squadra 45 pagina 2/3
2026-10-10T03:47:23.617+02:00  INFO 13840 --- [ScoutAI] [     import-run] o.e.capstone.ingestion.ImportService     : Importato Premier League 2024 squadra 45 pagina 3/3
2026-10-10T03:47:30.624+02:00  INFO 13840 --- [ScoutAI] [     import-run] o.e.capstone.ingestion.ImportService     : Importato Premier League 2024 squadra 46 pagina 1/3
2026-10-10T03:47:37.700+02:00  INFO 13840 --- [ScoutAI] [     import-run] o.e.capstone.ingestion.ImportService     : Importato Premier League 2024 squadra 46 pagina 2/3
2026-10-10T03:47:44.692+02:00  INFO 13840 --- [ScoutAI] [     import-run] o.e.capstone.ingestion.ImportService     : Importato Premier League 2024 squadra 46 pagina 3/3
2026-10-10T03:47:51.656+02:00  INFO 13840 --- [ScoutAI] [     import-run] o.e.capstone.ingestion.ImportService     : Importato Premier League 2024 squadra 47 pagina 1/3
2026-10-10T03:47:58.745+02:00  INFO 13840 --- [ScoutAI] [     import-run] o.e.capstone.ingestion.ImportService     : Importato Premier League 2024 squadra 47 pagina 2/3
2026-10-10T03:48:05.713+02:00  INFO 13840 --- [ScoutAI] [     import-run] o.e.capstone.ingestion.ImportService     : Importato Premier League 2024 squadra 47 pagina 3/3
2026-10-10T03:48:12.712+02:00  INFO 13840 --- [ScoutAI] [     import-run] o.e.capstone.ingestion.ImportService     : Importato Premier League 2024 squadra 48 pagina 1/3
2026-10-10T03:48:19.808+02:00  INFO 13840 --- [ScoutAI] [     import-run] o.e.capstone.ingestion.ImportService     : Importato Premier League 2024 squadra 48 pagina 2/3
2026-10-10T03:48:26.781+02:00  INFO 13840 --- [ScoutAI] [     import-run] o.e.capstone.ingestion.ImportService     : Importato Premier League 2024 squadra 48 pagina 3/3
2026-10-10T03:48:33.742+02:00  INFO 13840 --- [ScoutAI] [     import-run] o.e.capstone.ingestion.ImportService     : Importato Premier League 2024 squadra 49 pagina 1/5
2026-10-10T03:48:40.814+02:00  INFO 13840 --- [ScoutAI] [     import-run] o.e.capstone.ingestion.ImportService     : Importato Premier League 2024 squadra 49 pagina 2/5
2026-10-10T03:48:47.824+02:00  INFO 13840 --- [ScoutAI] [     import-run] o.e.capstone.ingestion.ImportService     : Importato Premier League 2024 squadra 49 pagina 3/5
2026-10-10T03:48:54.757+02:00  INFO 13840 --- [ScoutAI] [     import-run] o.e.capstone.ingestion.ImportService     : Importato Premier League 2024 squadra 50 pagina 1/4
2026-10-10T03:49:01.843+02:00  INFO 13840 --- [ScoutAI] [     import-run] o.e.capstone.ingestion.ImportService     : Importato Premier League 2024 squadra 50 pagina 2/4
2026-10-10T03:49:08.895+02:00  INFO 13840 --- [ScoutAI] [     import-run] o.e.capstone.ingestion.ImportService     : Importato Premier League 2024 squadra 50 pagina 3/4
2026-10-10T03:49:15.901+02:00  INFO 13840 --- [ScoutAI] [     import-run] o.e.capstone.ingestion.ImportService     : Importato Premier League 2024 squadra 51 pagina 1/4
2026-10-10T03:49:22.934+02:00  INFO 13840 --- [ScoutAI] [     import-run] o.e.capstone.ingestion.ImportService     : Importato Premier League 2024 squadra 51 pagina 2/4
2026-10-10T03:49:29.893+02:00  INFO 13840 --- [ScoutAI] [     import-run] o.e.capstone.ingestion.ImportService     : Importato Premier League 2024 squadra 51 pagina 3/4
2026-10-10T03:49:36.943+02:00  INFO 13840 --- [ScoutAI] [     import-run] o.e.capstone.ingestion.ImportService     : Importato Premier League 2024 squadra 52 pagina 1/3
2026-10-10T03:49:43.993+02:00  INFO 13840 --- [ScoutAI] [     import-run] o.e.capstone.ingestion.ImportService     : Importato Premier League 2024 squadra 52 pagina 2/3
2026-10-10T03:49:50.979+02:00  INFO 13840 --- [ScoutAI] [     import-run] o.e.capstone.ingestion.ImportService     : Importato Premier League 2024 squadra 52 pagina 3/3
2026-10-10T03:49:57.999+02:00  INFO 13840 --- [ScoutAI] [     import-run] o.e.capstone.ingestion.ImportService     : Importato Premier League 2024 squadra 55 pagina 1/3
2026-10-10T03:50:05.022+02:00  INFO 13840 --- [ScoutAI] [     import-run] o.e.capstone.ingestion.ImportService     : Importato Premier League 2024 squadra 55 pagina 2/3
2026-10-10T03:50:12.087+02:00  INFO 13840 --- [ScoutAI] [     import-run] o.e.capstone.ingestion.ImportService     : Importato Premier League 2024 squadra 55 pagina 3/3
2026-10-10T03:50:19.085+02:00  INFO 13840 --- [ScoutAI] [     import-run] o.e.capstone.ingestion.ImportService     : Importato Premier League 2024 squadra 57 pagina 1/3
2026-10-10T03:50:26.102+02:00  INFO 13840 --- [ScoutAI] [     import-run] o.e.capstone.ingestion.ImportService     : Importato Premier League 2024 squadra 57 pagina 2/3
2026-10-10T03:50:33.064+02:00  INFO 13840 --- [ScoutAI] [     import-run] o.e.capstone.ingestion.ImportService     : Importato Premier League 2024 squadra 57 pagina 3/3
2026-10-10T03:50:40.052+02:00  INFO 13840 --- [ScoutAI] [     import-run] o.e.capstone.ingestion.ImportService     : Importato Premier League 2024 squadra 65 pagina 1/3
2026-10-10T03:50:47.042+02:00  INFO 13840 --- [ScoutAI] [     import-run] o.e.capstone.ingestion.ImportService     : Importato Premier League 2024 squadra 65 pagina 2/3
2026-10-10T03:50:54.133+02:00  INFO 13840 --- [ScoutAI] [     import-run] o.e.capstone.ingestion.ImportService     : Importato Premier League 2024 squadra 65 pagina 3/3
2026-10-10T03:51:01.151+02:00  INFO 13840 --- [ScoutAI] [     import-run] o.e.capstone.ingestion.ImportService     : Importato Premier League 2024 squadra 66 pagina 1/4
2026-10-10T03:51:08.203+02:00  INFO 13840 --- [ScoutAI] [     import-run] o.e.capstone.ingestion.ImportService     : Importato Premier League 2024 squadra 66 pagina 2/4
2026-10-10T03:51:15.145+02:00  INFO 13840 --- [ScoutAI] [     import-run] o.e.capstone.ingestion.ImportService     : Importato Premier League 2024 squadra 66 pagina 3/4
2026-10-10T03:51:15.563+02:00  INFO 13840 --- [ScoutAI] [     import-run] o.example.capstone.stats.StatsService    : Metriche ricalcolate per lega 4 stagione 2024: 6764 righe da 547 statistiche
2026-10-10T03:51:22.174+02:00  INFO 13840 --- [ScoutAI] [     import-run] o.e.capstone.ingestion.ImportService     : Importato La Liga 2024 squadra 529 pagina 1/3
2026-10-10T03:51:29.213+02:00  INFO 13840 --- [ScoutAI] [     import-run] o.e.capstone.ingestion.ImportService     : Importato La Liga 2024 squadra 529 pagina 2/3
2026-10-10T03:51:36.277+02:00  INFO 13840 --- [ScoutAI] [     import-run] o.e.capstone.ingestion.ImportService     : Importato La Liga 2024 squadra 529 pagina 3/3
2026-10-10T03:51:43.196+02:00  INFO 13840 --- [ScoutAI] [     import-run] o.e.capstone.ingestion.ImportService     : Importato La Liga 2024 squadra 530 pagina 1/4
2026-10-10T03:51:50.281+02:00  INFO 13840 --- [ScoutAI] [     import-run] o.e.capstone.ingestion.ImportService     : Importato La Liga 2024 squadra 530 pagina 2/4
2026-10-10T03:51:57.286+02:00  INFO 13840 --- [ScoutAI] [     import-run] o.e.capstone.ingestion.ImportService     : Importato La Liga 2024 squadra 530 pagina 3/4
2026-10-10T03:52:04.321+02:00  INFO 13840 --- [ScoutAI] [     import-run] o.e.capstone.ingestion.ImportService     : Importato La Liga 2024 squadra 531 pagina 1/3
2026-10-10T03:52:11.342+02:00  INFO 13840 --- [ScoutAI] [     import-run] o.e.capstone.ingestion.ImportService     : Importato La Liga 2024 squadra 531 pagina 2/3
2026-10-10T03:52:18.339+02:00  INFO 13840 --- [ScoutAI] [     import-run] o.e.capstone.ingestion.ImportService     : Importato La Liga 2024 squadra 531 pagina 3/3
2026-10-10T03:52:25.292+02:00  INFO 13840 --- [ScoutAI] [     import-run] o.e.capstone.ingestion.ImportService     : Importato La Liga 2024 squadra 532 pagina 1/3
2026-10-10T03:52:32.406+02:00  INFO 13840 --- [ScoutAI] [     import-run] o.e.capstone.ingestion.ImportService     : Importato La Liga 2024 squadra 532 pagina 2/3
2026-10-10T03:52:39.369+02:00  INFO 13840 --- [ScoutAI] [     import-run] o.e.capstone.ingestion.ImportService     : Importato La Liga 2024 squadra 532 pagina 3/3
2026-10-10T03:52:46.382+02:00  INFO 13840 --- [ScoutAI] [     import-run] o.e.capstone.ingestion.ImportService     : Importato La Liga 2024 squadra 533 pagina 1/4
2026-10-10T03:52:53.423+02:00  INFO 13840 --- [ScoutAI] [     import-run] o.e.capstone.ingestion.ImportService     : Importato La Liga 2024 squadra 533 pagina 2/4
2026-10-10T03:53:00.453+02:00  INFO 13840 --- [ScoutAI] [     import-run] o.e.capstone.ingestion.ImportService     : Importato La Liga 2024 squadra 533 pagina 3/4
2026-10-10T03:53:07.439+02:00  INFO 13840 --- [ScoutAI] [     import-run] o.e.capstone.ingestion.ImportService     : Importato La Liga 2024 squadra 534 pagina 1/4
2026-10-10T03:53:14.499+02:00  INFO 13840 --- [ScoutAI] [     import-run] o.e.capstone.ingestion.ImportService     : Importato La Liga 2024 squadra 534 pagina 2/4
2026-10-10T03:53:21.504+02:00  INFO 13840 --- [ScoutAI] [     import-run] o.e.capstone.ingestion.ImportService     : Importato La Liga 2024 squadra 534 pagina 3/4
2026-10-10T03:53:28.477+02:00  INFO 13840 --- [ScoutAI] [     import-run] o.e.capstone.ingestion.ImportService     : Importato La Liga 2024 squadra 536 pagina 1/4
2026-10-10T03:53:35.536+02:00  INFO 13840 --- [ScoutAI] [     import-run] o.e.capstone.ingestion.ImportService     : Importato La Liga 2024 squadra 536 pagina 2/4
2026-10-10T03:53:42.584+02:00  INFO 13840 --- [ScoutAI] [     import-run] o.e.capstone.ingestion.ImportService     : Importato La Liga 2024 squadra 536 pagina 3/4
2026-10-10T03:53:49.493+02:00  INFO 13840 --- [ScoutAI] [     import-run] o.e.capstone.ingestion.ImportService     : Importato La Liga 2024 squadra 537 pagina 1/3
2026-10-10T03:53:56.568+02:00  INFO 13840 --- [ScoutAI] [     import-run] o.e.capstone.ingestion.ImportService     : Importato La Liga 2024 squadra 537 pagina 2/3
2026-10-10T03:54:03.603+02:00  INFO 13840 --- [ScoutAI] [     import-run] o.e.capstone.ingestion.ImportService     : Importato La Liga 2024 squadra 537 pagina 3/3
2026-10-10T03:54:10.548+02:00  INFO 13840 --- [ScoutAI] [     import-run] o.e.capstone.ingestion.ImportService     : Importato La Liga 2024 squadra 538 pagina 1/3
2026-10-10T03:54:17.589+02:00  INFO 13840 --- [ScoutAI] [     import-run] o.e.capstone.ingestion.ImportService     : Importato La Liga 2024 squadra 538 pagina 2/3
2026-10-10T03:54:24.588+02:00  INFO 13840 --- [ScoutAI] [     import-run] o.e.capstone.ingestion.ImportService     : Importato La Liga 2024 squadra 538 pagina 3/3
2026-10-10T03:54:31.609+02:00  INFO 13840 --- [ScoutAI] [     import-run] o.e.capstone.ingestion.ImportService     : Importato La Liga 2024 squadra 540 pagina 1/3
2026-10-10T03:54:38.677+02:00  INFO 13840 --- [ScoutAI] [     import-run] o.e.capstone.ingestion.ImportService     : Importato La Liga 2024 squadra 540 pagina 2/3
2026-10-10T03:54:45.659+02:00  INFO 13840 --- [ScoutAI] [     import-run] o.e.capstone.ingestion.ImportService     : Importato La Liga 2024 squadra 540 pagina 3/3
2026-10-10T03:54:52.611+02:00  INFO 13840 --- [ScoutAI] [     import-run] o.e.capstone.ingestion.ImportService     : Importato La Liga 2024 squadra 541 pagina 1/4
2026-10-10T03:54:59.691+02:00  INFO 13840 --- [ScoutAI] [     import-run] o.e.capstone.ingestion.ImportService     : Importato La Liga 2024 squadra 541 pagina 2/4
2026-10-10T03:55:06.725+02:00  INFO 13840 --- [ScoutAI] [     import-run] o.e.capstone.ingestion.ImportService     : Importato La Liga 2024 squadra 541 pagina 3/4
2026-10-10T03:55:13.649+02:00  INFO 13840 --- [ScoutAI] [     import-run] o.e.capstone.ingestion.ImportService     : Importato La Liga 2024 squadra 542 pagina 1/4
2026-10-10T03:55:20.729+02:00  INFO 13840 --- [ScoutAI] [     import-run] o.e.capstone.ingestion.ImportService     : Importato La Liga 2024 squadra 542 pagina 2/4
2026-10-10T03:55:27.742+02:00  INFO 13840 --- [ScoutAI] [     import-run] o.e.capstone.ingestion.ImportService     : Importato La Liga 2024 squadra 542 pagina 3/4
2026-10-10T03:55:34.726+02:00  INFO 13840 --- [ScoutAI] [     import-run] o.e.capstone.ingestion.ImportService     : Importato La Liga 2024 squadra 543 pagina 1/4
2026-10-10T03:55:41.828+02:00  INFO 13840 --- [ScoutAI] [     import-run] o.e.capstone.ingestion.ImportService     : Importato La Liga 2024 squadra 543 pagina 2/4
2026-10-10T03:55:48.838+02:00  INFO 13840 --- [ScoutAI] [     import-run] o.e.capstone.ingestion.ImportService     : Importato La Liga 2024 squadra 543 pagina 3/4
2026-10-10T03:55:55.744+02:00  INFO 13840 --- [ScoutAI] [     import-run] o.e.capstone.ingestion.ImportService     : Importato La Liga 2024 squadra 546 pagina 1/4
2026-10-10T03:56:02.831+02:00  INFO 13840 --- [ScoutAI] [     import-run] o.e.capstone.ingestion.ImportService     : Importato La Liga 2024 squadra 546 pagina 2/4
2026-10-10T03:56:09.802+02:00  INFO 13840 --- [ScoutAI] [     import-run] o.e.capstone.ingestion.ImportService     : Importato La Liga 2024 squadra 546 pagina 3/4
2026-10-10T03:56:16.811+02:00  INFO 13840 --- [ScoutAI] [     import-run] o.e.capstone.ingestion.ImportService     : Importato La Liga 2024 squadra 547 pagina 1/4
2026-10-10T03:56:23.812+02:00  INFO 13840 --- [ScoutAI] [     import-run] o.e.capstone.ingestion.ImportService     : Importato La Liga 2024 squadra 547 pagina 2/4
2026-10-10T03:56:30.879+02:00  INFO 13840 --- [ScoutAI] [     import-run] o.e.capstone.ingestion.ImportService     : Importato La Liga 2024 squadra 547 pagina 3/4
2026-10-10T03:56:37.863+02:00  INFO 13840 --- [ScoutAI] [     import-run] o.e.capstone.ingestion.ImportService     : Importato La Liga 2024 squadra 548 pagina 1/3
2026-10-10T03:56:44.903+02:00  INFO 13840 --- [ScoutAI] [     import-run] o.e.capstone.ingestion.ImportService     : Importato La Liga 2024 squadra 548 pagina 2/3
2026-10-10T03:56:44.906+02:00  INFO 13840 --- [ScoutAI] [     import-run] o.e.capstone.ingestion.ImportRunner      : Import terminato: QUOTA_REACHED (90 pagine)
[INFO] ------------------------------------------------------------------------
[INFO] BUILD FAILURE
[INFO] ------------------------------------------------------------------------
[INFO] Total time:  30:05 min
[INFO] Finished at: 2026-10-10T04:16:18+02:00
[INFO] ------------------------------------------------------------------------
[ERROR] Failed to execute goal org.springframework.boot:spring-boot-maven-plugin:4.1.1:run (default-cli) on project Capstone: Process terminated with exit code: 1 -> [Help 1]
[ERROR] 
[ERROR] To see the full stack trace of the errors, re-run Maven with the -e switch.
[ERROR] Re-run Maven using the -X switch to enable full debug logging.
[ERROR] 
[ERROR] For more information about the errors and possible solutions, please read the following articles:
[ERROR] [Help 1] http://cwiki.apache.org/confluence/display/MAVEN/MojoExecutionException
