[INFO] Scanning for projects...
[INFO] 
[INFO] ------------------------< org.example:Capstone >------------------------
[INFO] Building Capstone 0.0.1-SNAPSHOT
[INFO]   from pom.xml
[INFO] --------------------------------[ jar ]---------------------------------
[INFO] 
[INFO] >>> spring-boot:4.1.1:run (default-cli) > test-compile @ Capstone >>>
[INFO] 
[INFO] --- resources:3.5.0:resources (default-resources) @ Capstone ---
[INFO] Copying 1 resource from src\main\resources to target\classes
[INFO] Copying 7 resources from src\main\resources to target\classes
[INFO] 
[INFO] --- compiler:3.15.0:compile (default-compile) @ Capstone ---
[INFO] Nothing to compile - all classes are up to date.
[INFO] 
[INFO] --- resources:3.5.0:testResources (default-testResources) @ Capstone ---
[INFO] Copying 2 resources from src\test\resources to target\test-classes
[INFO] 
[INFO] --- compiler:3.15.0:testCompile (default-testCompile) @ Capstone ---
[INFO] Nothing to compile - all classes are up to date.
[INFO] 
[INFO] <<< spring-boot:4.1.1:run (default-cli) < test-compile @ Capstone <<<
[INFO] 
[INFO] 
[INFO] --- spring-boot:4.1.1:run (default-cli) @ Capstone ---
[INFO] Attaching agents: []

  .   ____          _            __ _ _
 /\\ / ___'_ __ _ _(_)_ __  __ _ \ \ \ \
( ( )\___ | '_ | '_| | '_ \/ _` | \ \ \ \
 \\/  ___)| |_)| | | | | || (_| |  ) ) ) )
  '  |____| .__|_| |_|_| |_\__, | / / / /
 =========|_|==============|___/=/_/_/_/

 :: Spring Boot ::                (v4.1.1)

2026-10-09T01:02:21.542+02:00  INFO 6508 --- [ScoutAI] [           main] o.example.capstone.CapstoneApplication   : Starting CapstoneApplication using Java 25.0.4.1 with PID 6508 (C:\Users\nunzi\OneDrive\Desktop\Corso Epicode\Capstone\backend\target\classes started by nunzi in C:\Users\nunzi\OneDrive\Desktop\Corso Epicode\Capstone\backend)
2026-10-09T01:02:21.545+02:00  INFO 6508 --- [ScoutAI] [           main] o.example.capstone.CapstoneApplication   : No active profile set, falling back to 1 default profile: "default"
2026-10-09T01:02:22.321+02:00  INFO 6508 --- [ScoutAI] [           main] .s.d.r.c.RepositoryConfigurationDelegate : Bootstrapping Spring Data JPA repositories in DEFAULT mode.
2026-10-09T01:02:22.412+02:00  INFO 6508 --- [ScoutAI] [           main] .s.d.r.c.RepositoryConfigurationDelegate : Finished Spring Data repository scanning in 83 ms. Found 9 JPA repository interfaces.
2026-10-09T01:02:22.950+02:00  INFO 6508 --- [ScoutAI] [           main] o.s.boot.tomcat.TomcatWebServer          : Tomcat initialized with port 8080 (http)
2026-10-09T01:02:22.963+02:00  INFO 6508 --- [ScoutAI] [           main] o.apache.catalina.core.StandardService   : Starting service [Tomcat]
2026-10-09T01:02:22.963+02:00  INFO 6508 --- [ScoutAI] [           main] o.apache.catalina.core.StandardEngine    : Starting Servlet engine: [Apache Tomcat/11.0.24]
2026-10-09T01:02:23.015+02:00  INFO 6508 --- [ScoutAI] [           main] b.w.c.s.WebApplicationContextInitializer : Root WebApplicationContext: initialization completed in 1415 ms
2026-10-09T01:02:23.252+02:00  INFO 6508 --- [ScoutAI] [           main] com.zaxxer.hikari.HikariDataSource       : HikariPool-1 - Starting...
2026-10-09T01:02:23.437+02:00  INFO 6508 --- [ScoutAI] [           main] com.zaxxer.hikari.pool.HikariPool        : HikariPool-1 - Added connection org.postgresql.jdbc.PgConnection@27a6fef2
2026-10-09T01:02:23.441+02:00  INFO 6508 --- [ScoutAI] [           main] com.zaxxer.hikari.HikariDataSource       : HikariPool-1 - Start completed.
2026-10-09T01:02:23.456+02:00  INFO 6508 --- [ScoutAI] [           main] org.flywaydb.core.FlywayExecutor         : Database: jdbc:postgresql://localhost:5432/scoutai (PostgreSQL 18.6)
2026-10-09T01:02:23.509+02:00  INFO 6508 --- [ScoutAI] [           main] o.f.core.internal.command.DbValidate     : Successfully validated 7 migrations (execution time 00:00.020s)
2026-10-09T01:02:23.679+02:00  INFO 6508 --- [ScoutAI] [           main] o.f.core.internal.command.DbMigrate      : Current version of schema "public": 7
2026-10-09T01:02:23.720+02:00  INFO 6508 --- [ScoutAI] [           main] o.f.core.internal.command.DbMigrate      : Schema "public" is up to date. No migration necessary.
2026-10-09T01:02:23.855+02:00  INFO 6508 --- [ScoutAI] [           main] org.hibernate.orm.jpa                    : HHH008540: Processing PersistenceUnitInfo [name: default]
2026-10-09T01:02:23.954+02:00  INFO 6508 --- [ScoutAI] [           main] org.hibernate.orm.core                   : HHH000001: Hibernate ORM core version 7.4.5.Final
2026-10-09T01:02:24.324+02:00  INFO 6508 --- [ScoutAI] [           main] o.s.o.j.p.SpringPersistenceUnitInfo      : No LoadTimeWeaver setup: ignoring JPA class transformer
2026-10-09T01:02:24.407+02:00  INFO 6508 --- [ScoutAI] [           main] org.hibernate.orm.connections.pooling    : HHH10001005: Database info:
	Database JDBC URL [jdbc:postgresql://localhost:5432/scoutai]
	Database driver: PostgreSQL JDBC Driver
	Database dialect: PostgreSQLDialect
	Database version: 18.6
	Default catalog/schema: scoutai/public
	Autocommit mode: undefined/unknown
	Isolation level: READ_COMMITTED [default READ_COMMITTED]
	JDBC fetch size: none
	Pool: DataSourceConnectionProvider
	Minimum pool size: undefined/unknown
	Maximum pool size: undefined/unknown
2026-10-09T01:02:25.293+02:00  INFO 6508 --- [ScoutAI] [           main] org.hibernate.orm.core                   : HHH000489: No JTA platform available (set 'hibernate.transaction.jta.platform' to enable JTA platform integration)
2026-10-09T01:02:25.337+02:00  INFO 6508 --- [ScoutAI] [           main] j.LocalContainerEntityManagerFactoryBean : Initialized JPA EntityManagerFactory for persistence unit 'default'
2026-10-09T01:02:25.549+02:00  INFO 6508 --- [ScoutAI] [           main] o.s.d.j.r.query.QueryEnhancerFactories   : Hibernate is in classpath; If applicable, HQL parser will be used.
2026-10-09T01:02:26.641+02:00  INFO 6508 --- [ScoutAI] [           main] o.s.boot.tomcat.TomcatWebServer          : Tomcat started on port 8080 (http) with context path '/'
2026-10-09T01:02:26.661+02:00  INFO 6508 --- [ScoutAI] [           main] o.example.capstone.CapstoneApplication   : Started CapstoneApplication in 5.6 seconds (process running for 5.958)
2026-10-09T01:02:26.961+02:00  INFO 6508 --- [ScoutAI] [     import-run] o.e.capstone.ingestion.ImportRunner      : Import terminato: QUOTA_REACHED (0 pagine)
2026-10-09T02:05:01.237+02:00  INFO 6508 --- [ScoutAI] [     import-run] o.e.capstone.ingestion.ImportService     : Importato Ligue 1 2024 squadra 94 pagina 1/4
2026-10-09T02:05:07.537+02:00  INFO 6508 --- [ScoutAI] [     import-run] o.e.capstone.ingestion.ImportService     : Importato Ligue 1 2024 squadra 94 pagina 2/4
2026-10-09T02:05:14.604+02:00  INFO 6508 --- [ScoutAI] [     import-run] o.e.capstone.ingestion.ImportService     : Importato Ligue 1 2024 squadra 94 pagina 3/4
2026-10-09T02:05:21.490+02:00  INFO 6508 --- [ScoutAI] [     import-run] o.e.capstone.ingestion.ImportService     : Importato Ligue 1 2024 squadra 95 pagina 1/4
2026-10-09T02:05:28.590+02:00  INFO 6508 --- [ScoutAI] [     import-run] o.e.capstone.ingestion.ImportService     : Importato Ligue 1 2024 squadra 95 pagina 2/4
2026-10-09T02:05:35.672+02:00  INFO 6508 --- [ScoutAI] [     import-run] o.e.capstone.ingestion.ImportService     : Importato Ligue 1 2024 squadra 95 pagina 3/4
2026-10-09T02:05:42.726+02:00  INFO 6508 --- [ScoutAI] [     import-run] o.e.capstone.ingestion.ImportService     : Importato Ligue 1 2024 squadra 96 pagina 1/3
2026-10-09T02:05:49.692+02:00  INFO 6508 --- [ScoutAI] [     import-run] o.e.capstone.ingestion.ImportService     : Importato Ligue 1 2024 squadra 96 pagina 2/3
2026-10-09T02:05:56.771+02:00  INFO 6508 --- [ScoutAI] [     import-run] o.e.capstone.ingestion.ImportService     : Importato Ligue 1 2024 squadra 96 pagina 3/3
2026-10-09T02:06:03.725+02:00  INFO 6508 --- [ScoutAI] [     import-run] o.e.capstone.ingestion.ImportService     : Importato Ligue 1 2024 squadra 106 pagina 1/3
2026-10-09T02:06:10.831+02:00  INFO 6508 --- [ScoutAI] [     import-run] o.e.capstone.ingestion.ImportService     : Importato Ligue 1 2024 squadra 106 pagina 2/3
2026-10-09T02:06:17.814+02:00  INFO 6508 --- [ScoutAI] [     import-run] o.e.capstone.ingestion.ImportService     : Importato Ligue 1 2024 squadra 106 pagina 3/3
2026-10-09T02:06:24.842+02:00  INFO 6508 --- [ScoutAI] [     import-run] o.e.capstone.ingestion.ImportService     : Importato Ligue 1 2024 squadra 108 pagina 1/3
2026-10-09T02:06:31.944+02:00  INFO 6508 --- [ScoutAI] [     import-run] o.e.capstone.ingestion.ImportService     : Importato Ligue 1 2024 squadra 108 pagina 2/3
2026-10-09T02:06:38.901+02:00  INFO 6508 --- [ScoutAI] [     import-run] o.e.capstone.ingestion.ImportService     : Importato Ligue 1 2024 squadra 108 pagina 3/3
2026-10-09T02:06:45.971+02:00  INFO 6508 --- [ScoutAI] [     import-run] o.e.capstone.ingestion.ImportService     : Importato Ligue 1 2024 squadra 111 pagina 1/3
2026-10-09T02:06:53.037+02:00  INFO 6508 --- [ScoutAI] [     import-run] o.e.capstone.ingestion.ImportService     : Importato Ligue 1 2024 squadra 111 pagina 2/3
2026-10-09T02:07:00.036+02:00  INFO 6508 --- [ScoutAI] [     import-run] o.e.capstone.ingestion.ImportService     : Importato Ligue 1 2024 squadra 111 pagina 3/3
2026-10-09T02:07:07.011+02:00  INFO 6508 --- [ScoutAI] [     import-run] o.e.capstone.ingestion.ImportService     : Importato Ligue 1 2024 squadra 112 pagina 1/1
2026-10-09T02:07:14.027+02:00  INFO 6508 --- [ScoutAI] [     import-run] o.e.capstone.ingestion.ImportService     : Importato Ligue 1 2024 squadra 116 pagina 1/4
2026-10-09T02:07:21.113+02:00  INFO 6508 --- [ScoutAI] [     import-run] o.e.capstone.ingestion.ImportService     : Importato Ligue 1 2024 squadra 116 pagina 2/4
2026-10-09T02:07:28.202+02:00  INFO 6508 --- [ScoutAI] [     import-run] o.e.capstone.ingestion.ImportService     : Importato Ligue 1 2024 squadra 116 pagina 3/4
2026-10-09T02:07:35.235+02:00  INFO 6508 --- [ScoutAI] [     import-run] o.e.capstone.ingestion.ImportService     : Importato Ligue 1 2024 squadra 1063 pagina 1/3
2026-10-09T02:07:42.307+02:00  INFO 6508 --- [ScoutAI] [     import-run] o.e.capstone.ingestion.ImportService     : Importato Ligue 1 2024 squadra 1063 pagina 2/3
2026-10-09T02:07:49.303+02:00  INFO 6508 --- [ScoutAI] [     import-run] o.e.capstone.ingestion.ImportService     : Importato Ligue 1 2024 squadra 1063 pagina 3/3
2026-10-09T02:07:49.921+02:00  INFO 6508 --- [ScoutAI] [     import-run] o.example.capstone.stats.StatsService    : Metriche ricalcolate per lega 2 stagione 2024: 6531 righe da 547 statistiche
2026-10-09T02:07:56.318+02:00  INFO 6508 --- [ScoutAI] [     import-run] o.e.capstone.ingestion.ImportService     : Importato Bundesliga 2024 squadra 157 pagina 1/3
2026-10-09T02:08:03.424+02:00  INFO 6508 --- [ScoutAI] [     import-run] o.e.capstone.ingestion.ImportService     : Importato Bundesliga 2024 squadra 157 pagina 2/3
2026-10-09T02:08:10.476+02:00  INFO 6508 --- [ScoutAI] [     import-run] o.e.capstone.ingestion.ImportService     : Importato Bundesliga 2024 squadra 157 pagina 3/3
2026-10-09T02:08:17.484+02:00  INFO 6508 --- [ScoutAI] [     import-run] o.e.capstone.ingestion.ImportService     : Importato Bundesliga 2024 squadra 160 pagina 1/3
2026-10-09T02:08:24.539+02:00  INFO 6508 --- [ScoutAI] [     import-run] o.e.capstone.ingestion.ImportService     : Importato Bundesliga 2024 squadra 160 pagina 2/3
2026-10-09T02:08:31.525+02:00  INFO 6508 --- [ScoutAI] [     import-run] o.e.capstone.ingestion.ImportService     : Importato Bundesliga 2024 squadra 160 pagina 3/3
2026-10-09T02:08:38.573+02:00  INFO 6508 --- [ScoutAI] [     import-run] o.e.capstone.ingestion.ImportService     : Importato Bundesliga 2024 squadra 161 pagina 1/3
2026-10-09T02:08:45.647+02:00  INFO 6508 --- [ScoutAI] [     import-run] o.e.capstone.ingestion.ImportService     : Importato Bundesliga 2024 squadra 161 pagina 2/3
2026-10-09T02:08:52.657+02:00  INFO 6508 --- [ScoutAI] [     import-run] o.e.capstone.ingestion.ImportService     : Importato Bundesliga 2024 squadra 161 pagina 3/3
2026-10-09T02:08:59.747+02:00  INFO 6508 --- [ScoutAI] [     import-run] o.e.capstone.ingestion.ImportService     : Importato Bundesliga 2024 squadra 162 pagina 1/3
2026-10-09T02:09:06.782+02:00  INFO 6508 --- [ScoutAI] [     import-run] o.e.capstone.ingestion.ImportService     : Importato Bundesliga 2024 squadra 162 pagina 2/3
2026-10-09T02:09:13.681+02:00  INFO 6508 --- [ScoutAI] [     import-run] o.e.capstone.ingestion.ImportService     : Importato Bundesliga 2024 squadra 162 pagina 3/3
2026-10-09T02:09:20.857+02:00  INFO 6508 --- [ScoutAI] [     import-run] o.e.capstone.ingestion.ImportService     : Importato Bundesliga 2024 squadra 163 pagina 1/2
2026-10-09T02:09:27.881+02:00  INFO 6508 --- [ScoutAI] [     import-run] o.e.capstone.ingestion.ImportService     : Importato Bundesliga 2024 squadra 163 pagina 2/2
2026-10-09T02:09:34.930+02:00  INFO 6508 --- [ScoutAI] [     import-run] o.e.capstone.ingestion.ImportService     : Importato Bundesliga 2024 squadra 164 pagina 1/2
2026-10-09T02:09:41.851+02:00  INFO 6508 --- [ScoutAI] [     import-run] o.e.capstone.ingestion.ImportService     : Importato Bundesliga 2024 squadra 164 pagina 2/2
2026-10-09T02:09:48.837+02:00  INFO 6508 --- [ScoutAI] [     import-run] o.e.capstone.ingestion.ImportService     : Importato Bundesliga 2024 squadra 165 pagina 1/3
2026-10-09T02:09:55.959+02:00  INFO 6508 --- [ScoutAI] [     import-run] o.e.capstone.ingestion.ImportService     : Importato Bundesliga 2024 squadra 165 pagina 2/3
2026-10-09T02:10:03.091+02:00  INFO 6508 --- [ScoutAI] [     import-run] o.e.capstone.ingestion.ImportService     : Importato Bundesliga 2024 squadra 165 pagina 3/3
2026-10-09T02:10:10.062+02:00  INFO 6508 --- [ScoutAI] [     import-run] o.e.capstone.ingestion.ImportService     : Importato Bundesliga 2024 squadra 167 pagina 1/3
2026-10-09T02:10:17.111+02:00  INFO 6508 --- [ScoutAI] [     import-run] o.e.capstone.ingestion.ImportService     : Importato Bundesliga 2024 squadra 167 pagina 2/3
2026-10-09T02:10:24.159+02:00  INFO 6508 --- [ScoutAI] [     import-run] o.e.capstone.ingestion.ImportService     : Importato Bundesliga 2024 squadra 167 pagina 3/3
2026-10-09T02:10:31.143+02:00  INFO 6508 --- [ScoutAI] [     import-run] o.e.capstone.ingestion.ImportService     : Importato Bundesliga 2024 squadra 168 pagina 1/3
2026-10-09T02:10:38.168+02:00  INFO 6508 --- [ScoutAI] [     import-run] o.e.capstone.ingestion.ImportService     : Importato Bundesliga 2024 squadra 168 pagina 2/3
2026-10-09T02:10:45.091+02:00  INFO 6508 --- [ScoutAI] [     import-run] o.e.capstone.ingestion.ImportService     : Importato Bundesliga 2024 squadra 168 pagina 3/3
2026-10-09T02:10:52.280+02:00  INFO 6508 --- [ScoutAI] [     import-run] o.e.capstone.ingestion.ImportService     : Importato Bundesliga 2024 squadra 169 pagina 1/3
2026-10-09T02:10:59.261+02:00  INFO 6508 --- [ScoutAI] [     import-run] o.e.capstone.ingestion.ImportService     : Importato Bundesliga 2024 squadra 169 pagina 2/3
2026-10-09T02:11:06.291+02:00  INFO 6508 --- [ScoutAI] [     import-run] o.e.capstone.ingestion.ImportService     : Importato Bundesliga 2024 squadra 169 pagina 3/3
2026-10-09T02:11:13.341+02:00  INFO 6508 --- [ScoutAI] [     import-run] o.e.capstone.ingestion.ImportService     : Importato Bundesliga 2024 squadra 170 pagina 1/3
2026-10-09T02:11:20.338+02:00  INFO 6508 --- [ScoutAI] [     import-run] o.e.capstone.ingestion.ImportService     : Importato Bundesliga 2024 squadra 170 pagina 2/3
2026-10-09T02:11:27.336+02:00  INFO 6508 --- [ScoutAI] [     import-run] o.e.capstone.ingestion.ImportService     : Importato Bundesliga 2024 squadra 170 pagina 3/3
2026-10-09T02:11:34.372+02:00  INFO 6508 --- [ScoutAI] [     import-run] o.e.capstone.ingestion.ImportService     : Importato Bundesliga 2024 squadra 172 pagina 1/3
2026-10-09T02:11:41.476+02:00  INFO 6508 --- [ScoutAI] [     import-run] o.e.capstone.ingestion.ImportService     : Importato Bundesliga 2024 squadra 172 pagina 2/3
2026-10-09T02:11:48.460+02:00  INFO 6508 --- [ScoutAI] [     import-run] o.e.capstone.ingestion.ImportService     : Importato Bundesliga 2024 squadra 172 pagina 3/3
2026-10-09T02:11:55.482+02:00  INFO 6508 --- [ScoutAI] [     import-run] o.e.capstone.ingestion.ImportService     : Importato Bundesliga 2024 squadra 173 pagina 1/3
2026-10-09T02:12:02.589+02:00  INFO 6508 --- [ScoutAI] [     import-run] o.e.capstone.ingestion.ImportService     : Importato Bundesliga 2024 squadra 173 pagina 2/3
2026-10-09T02:12:09.554+02:00  INFO 6508 --- [ScoutAI] [     import-run] o.e.capstone.ingestion.ImportService     : Importato Bundesliga 2024 squadra 173 pagina 3/3
2026-10-09T02:12:16.670+02:00  INFO 6508 --- [ScoutAI] [     import-run] o.e.capstone.ingestion.ImportService     : Importato Bundesliga 2024 squadra 176 pagina 1/2
2026-10-09T02:12:23.695+02:00  INFO 6508 --- [ScoutAI] [     import-run] o.e.capstone.ingestion.ImportService     : Importato Bundesliga 2024 squadra 176 pagina 2/2
2026-10-09T02:12:30.684+02:00  INFO 6508 --- [ScoutAI] [     import-run] o.e.capstone.ingestion.ImportService     : Importato Bundesliga 2024 squadra 180 pagina 1/2
2026-10-09T02:12:37.731+02:00  INFO 6508 --- [ScoutAI] [     import-run] o.e.capstone.ingestion.ImportService     : Importato Bundesliga 2024 squadra 180 pagina 2/2
2026-10-09T02:12:44.823+02:00  INFO 6508 --- [ScoutAI] [     import-run] o.e.capstone.ingestion.ImportService     : Importato Bundesliga 2024 squadra 182 pagina 1/2
2026-10-09T02:12:51.848+02:00  INFO 6508 --- [ScoutAI] [     import-run] o.e.capstone.ingestion.ImportService     : Importato Bundesliga 2024 squadra 182 pagina 2/2
2026-10-09T02:12:58.937+02:00  INFO 6508 --- [ScoutAI] [     import-run] o.e.capstone.ingestion.ImportService     : Importato Bundesliga 2024 squadra 186 pagina 1/2
2026-10-09T02:13:05.886+02:00  INFO 6508 --- [ScoutAI] [     import-run] o.e.capstone.ingestion.ImportService     : Importato Bundesliga 2024 squadra 186 pagina 2/2
2026-10-09T02:13:12.905+02:00  INFO 6508 --- [ScoutAI] [     import-run] o.e.capstone.ingestion.ImportService     : Importato Bundesliga 2024 squadra 191 pagina 1/2
2026-10-09T02:13:19.961+02:00  INFO 6508 --- [ScoutAI] [     import-run] o.e.capstone.ingestion.ImportService     : Importato Bundesliga 2024 squadra 191 pagina 2/2
2026-10-09T02:13:26.880+02:00  INFO 6508 --- [ScoutAI] [     import-run] o.e.capstone.ingestion.ImportService     : Importato Bundesliga 2024 squadra 1660 pagina 1/1
2026-10-09T02:13:27.411+02:00  INFO 6508 --- [ScoutAI] [     import-run] o.example.capstone.stats.StatsService    : Metriche ricalcolate per lega 3 stagione 2024: 6224 righe da 500 statistiche
2026-10-09T02:13:33.993+02:00  INFO 6508 --- [ScoutAI] [     import-run] o.e.capstone.ingestion.ImportService     : Importato Premier League 2024 squadra 33 pagina 1/4
2026-10-09T02:13:41.096+02:00  INFO 6508 --- [ScoutAI] [     import-run] o.e.capstone.ingestion.ImportService     : Importato Premier League 2024 squadra 33 pagina 2/4
2026-10-09T02:13:48.041+02:00  INFO 6508 --- [ScoutAI] [     import-run] o.e.capstone.ingestion.ImportService     : Importato Premier League 2024 squadra 33 pagina 3/4
2026-10-09T02:13:55.063+02:00  INFO 6508 --- [ScoutAI] [     import-run] o.e.capstone.ingestion.ImportService     : Importato Premier League 2024 squadra 34 pagina 1/4
2026-10-09T02:14:02.223+02:00  INFO 6508 --- [ScoutAI] [     import-run] o.e.capstone.ingestion.ImportService     : Importato Premier League 2024 squadra 34 pagina 2/4
2026-10-09T02:14:09.126+02:00  INFO 6508 --- [ScoutAI] [     import-run] o.e.capstone.ingestion.ImportService     : Importato Premier League 2024 squadra 34 pagina 3/4
2026-10-09T02:14:16.231+02:00  INFO 6508 --- [ScoutAI] [     import-run] o.e.capstone.ingestion.ImportService     : Importato Premier League 2024 squadra 35 pagina 1/3
2026-10-09T02:14:23.252+02:00  INFO 6508 --- [ScoutAI] [     import-run] o.e.capstone.ingestion.ImportService     : Importato Premier League 2024 squadra 35 pagina 2/3
2026-10-09T02:14:30.277+02:00  INFO 6508 --- [ScoutAI] [     import-run] o.e.capstone.ingestion.ImportService     : Importato Premier League 2024 squadra 35 pagina 3/3
2026-10-09T02:14:37.346+02:00  INFO 6508 --- [ScoutAI] [     import-run] o.e.capstone.ingestion.ImportService     : Importato Premier League 2024 squadra 36 pagina 1/3
2026-10-09T02:14:44.373+02:00  INFO 6508 --- [ScoutAI] [     import-run] o.e.capstone.ingestion.ImportService     : Importato Premier League 2024 squadra 36 pagina 2/3
2026-10-09T02:14:51.333+02:00  INFO 6508 --- [ScoutAI] [     import-run] o.e.capstone.ingestion.ImportService     : Importato Premier League 2024 squadra 36 pagina 3/3
2026-10-09T02:14:58.518+02:00  INFO 6508 --- [ScoutAI] [     import-run] o.e.capstone.ingestion.ImportService     : Importato Premier League 2024 squadra 39 pagina 1/3
2026-10-09T02:15:05.759+02:00  INFO 6508 --- [ScoutAI] [     import-run] o.e.capstone.ingestion.ImportService     : Importato Premier League 2024 squadra 39 pagina 2/3
2026-10-09T02:15:12.523+02:00  INFO 6508 --- [ScoutAI] [     import-run] o.e.capstone.ingestion.ImportService     : Importato Premier League 2024 squadra 39 pagina 3/3
2026-10-09T02:15:19.571+02:00  INFO 6508 --- [ScoutAI] [     import-run] o.e.capstone.ingestion.ImportService     : Importato Premier League 2024 squadra 40 pagina 1/3
2026-10-09T02:15:26.576+02:00  INFO 6508 --- [ScoutAI] [     import-run] o.e.capstone.ingestion.ImportService     : Importato Premier League 2024 squadra 40 pagina 2/3
2026-10-09T02:15:26.585+02:00  INFO 6508 --- [ScoutAI] [     import-run] o.e.capstone.ingestion.ImportRunner      : Import terminato: QUOTA_REACHED (90 pagine)
[INFO] ------------------------------------------------------------------------
[INFO] BUILD FAILURE
[INFO] ------------------------------------------------------------------------
[INFO] Total time:  01:29 h
[INFO] Finished at: 2026-10-09T02:32:10+02:00
[INFO] ------------------------------------------------------------------------
[ERROR] Failed to execute goal org.springframework.boot:spring-boot-maven-plugin:4.1.1:run (default-cli) on project Capstone: Process terminated with exit code: 1 -> [Help 1]
[ERROR] 
[ERROR] To see the full stack trace of the errors, re-run Maven with the -e switch.
[ERROR] Re-run Maven using the -X switch to enable full debug logging.
[ERROR] 
[ERROR] For more information about the errors and possible solutions, please read the following articles:
[ERROR] [Help 1] http://cwiki.apache.org/confluence/display/MAVEN/MojoExecutionException
